GDTEST_ANALYZER_ERROR
Argument 1 of annotation "@export_range" isn't a constant expression.
