GDTEST_ANALYZER_ERROR
Class "Vector2" hides a built-in type.
