GDTEST_ANALYZER_ERROR
Unable to iterate on value of type "Array[Resource]" with variable of type "Node".
