GDTEST_ANALYZER_ERROR
Cannot find member "D" in base "B".
