GDTEST_ANALYZER_ERROR
Function with argument type "int" cannot be used as setter for a property of type "String".
