GDTEST_ANALYZER_ERROR
The member "overload_me" already exists in parent class A.
