GDTEST_OK
>> WARNING
>> Line: 2
>> UNASSIGNED_VARIABLE
>> The variable "__" was used but never assigned a value.
