GDTEST_ANALYZER_ERROR
Member "CONSTANT" is not a function.
