GDTEST_ANALYZER_ERROR
Could not resolve member "E1": Cyclic reference.
