GDTEST_ANALYZER_ERROR
Enum values must be integers.
