GDTEST_ANALYZER_ERROR
Expression is of type "float" so it can't be of type "String".
