GDTEST_ANALYZER_ERROR
Cannot use shorthand "get_node()" notation ("$") in a static function.
