GDTEST_ANALYZER_ERROR
Could not resolve member "f": Cyclic reference.
