GDTEST_ANALYZER_ERROR
Cannot get return value of call to "free()" because it returns "void".
