GDTEST_OK
123
123
123
123
123456
123456
---
305398015
305398015
149
149
---
-1234.4567
-1234.4567
-1234
-1234
0.4567
0.4567
---
-1234500
-1234500
-1234500
-1234500
