GDTEST_OK
>> WARNING
>> Line: 3
>> CONFUSABLE_LOCAL_DECLARATION
>> The variable "a" is declared below in the parent block.
1
2
