GDTEST_ANALYZER_ERROR
Invalid operands to operator >>, int and float.
