GDTEST_ANALYZER_ERROR
Could not resolve member "EV1": Cyclic reference.
