GDTEST_ANALYZER_ERROR
Key "key" was already used in this dictionary (at line 5).
