GDTEST_ANALYZER_ERROR
Cannot find member "THIS_DOES_NOT_EXIST" in base "TileSet.TileShape".
