GDTEST_ANALYZER_ERROR
Cannot find member "V3" in base "enum_bad_value.gd.Enum".
