GDTEST_ANALYZER_ERROR
Identifier "_123" not declared in the current scope.
