GDTEST_ANALYZER_ERROR
Local constant "E" is not resolved at this point.
