GDTEST_ANALYZER_ERROR
Value of type "String" cannot be assigned to a variable of type "int".
