GDTEST_RUNTIME_ERROR
>> SCRIPT ERROR
>> on function: test()
>> analyzer/errors/script_freed_instance.gd
>> 10
>> Trying to assign invalid previously freed instance.
