GDTEST_ANALYZER_ERROR
Cannot get return value of call to "print()" because it returns "void".
