GDTEST_RUNTIME_ERROR
>> SCRIPT ERROR
>> on function: test()
>> runtime/errors/for_loop_iterator_type_not_match_specified.gd
>> 3
>> Trying to assign value of type 'Resource' to a variable of type 'Node'.
