GDTEST_RUNTIME_ERROR
>> ERROR
>> Method/function failed.
not ok
