GDTEST_ANALYZER_ERROR
Expression is of type "B" so it can't be of type "C".
