GDTEST_ANALYZER_ERROR
Expression is of type "StringName" so it can't be of type "int".
