GDTEST_ANALYZER_ERROR
Not all code paths return a value.
