GDTEST_ANALYZER_ERROR
Local constant "E" is not a valid type.
