GDTEST_ANALYZER_ERROR
"@onready" can only be used in classes that inherit "Node".
