GDTEST_ANALYZER_ERROR
Identifier "defc" not declared in the current scope.
