GDTEST_ANALYZER_ERROR
Cannot assign a value of type int to variable "x" with specified type String.
